Instance name,  X location,  Y location,  Voltage 
input5, 39.33, 35.36, 1.79998
input9, 39.33, 35.36, 1.79998
input21, 39.33, 35.36, 1.79998
output29, 39.33, 35.36, 1.79998
_47_, 39.33, 29.92, 1.79996
input14, 39.33, 29.92, 1.79996
FILLER_0_7_70, 39.33, 29.92, 1.79996
input8, 39.33, 24.48, 1.79996
FILLER_0_5_77, 39.33, 24.48, 1.79996
_49_, 39.33, 19.04, 1.79997
_53_, 39.33, 19.04, 1.79997
output35, 39.33, 19.04, 1.79997
_29_, 39.33, 13.6, 1.79997
input1, 39.33, 13.6, 1.79997
input12, 39.33, 13.6, 1.79997
input16, 39.33, 13.6, 1.79997
input20, 39.33, 13.6, 1.79997
input22, 39.33, 13.6, 1.79997
input26, 39.33, 13.6, 1.79997
FILLER_0_1_71, 39.33, 13.6, 1.79997
FILLER_0_2_76, 39.33, 13.6, 1.79997
_43_, 29.67, 35.36, 1.79997
input10, 29.67, 35.36, 1.79997
input17, 29.67, 35.36, 1.79997
FILLER_0_9_44, 29.67, 35.36, 1.79997
FILLER_0_9_62, 29.67, 35.36, 1.79997
_55_, 29.67, 29.92, 1.79995
clkbuf_1_1__f_clk, 29.67, 29.92, 1.79995
FILLER_0_7_53, 29.67, 29.92, 1.79995
FILLER_0_7_57, 29.67, 29.92, 1.79995
_39_, 29.67, 24.48, 1.79995
clkbuf_0_clk, 29.67, 24.48, 1.79995
FILLER_0_4_49, 29.67, 24.48, 1.79995
FILLER_0_5_48, 29.67, 24.48, 1.79995
_38_, 29.67, 19.04, 1.79997
_50_, 29.67, 19.04, 1.79997
_61_, 29.67, 19.04, 1.79997
FILLER_0_3_57, 29.67, 19.04, 1.79997
_30_, 29.67, 13.6, 1.79996
_42_, 29.67, 13.6, 1.79996
_57_, 29.67, 13.6, 1.79996
input3, 29.67, 13.6, 1.79996
output32, 29.67, 13.6, 1.79996
FILLER_0_0_48, 29.67, 13.6, 1.79996
_56_, 20.01, 35.36, 1.79997
output30, 20.01, 35.36, 1.79997
output31, 20.01, 35.36, 1.79997
FILLER_0_9_35, 20.01, 35.36, 1.79997
_45_, 20.01, 29.92, 1.79996
_46_, 20.01, 29.92, 1.79996
_48_, 20.01, 29.92, 1.79996
_52_, 20.01, 24.48, 1.79996
FILLER_0_6_37, 20.01, 24.48, 1.79996
_28_, 20.01, 19.04, 1.79997
_31_, 20.01, 19.04, 1.79997
_33_, 20.01, 19.04, 1.79997
FILLER_0_3_41, 20.01, 19.04, 1.79997
FILLER_0_4_41, 20.01, 19.04, 1.79997
_51_, 20.01, 13.6, 1.79995
_58_, 20.01, 13.6, 1.79995
input4, 20.01, 13.6, 1.79995
input27, 20.01, 13.6, 1.79995
FILLER_0_0_37, 20.01, 13.6, 1.79995
input2, 10.35, 35.36, 1.79997
input11, 10.35, 35.36, 1.79997
input18, 10.35, 35.36, 1.79997
output28, 10.35, 35.36, 1.79997
FILLER_0_9_19, 10.35, 35.36, 1.79997
_40_, 10.35, 29.92, 1.79996
_41_, 10.35, 29.92, 1.79996
_54_, 10.35, 29.92, 1.79996
input19, 10.35, 29.92, 1.79996
FILLER_0_6_6, 10.35, 29.92, 1.79996
FILLER_0_7_10, 10.35, 29.92, 1.79996
_44_, 10.35, 24.48, 1.79996
_60_, 10.35, 24.48, 1.79996
FILLER_0_4_9, 10.35, 24.48, 1.79996
_27_, 10.35, 19.04, 1.79996
_36_, 10.35, 19.04, 1.79996
_37_, 10.35, 19.04, 1.79996
_59_, 10.35, 19.04, 1.79996
FILLER_0_2_6, 10.35, 19.04, 1.79996
_32_, 10.35, 13.6, 1.79993
_34_, 10.35, 13.6, 1.79993
_35_, 10.35, 13.6, 1.79993
input15, 10.35, 13.6, 1.79993
input24, 10.35, 13.6, 1.79993
input25, 10.35, 13.6, 1.79993
clkbuf_1_0__f_clk, 10.35, 13.6, 1.79993
FILLER_0_0_16, 10.35, 13.6, 1.79993
PHY_16, 5.52, 35.36, 1.79997
PHY_18, 5.52, 35.36, 1.79997
FILLER_0_9_3, 5.52, 35.36, 1.79997
PHY_17, 44.16, 35.36, 1.79998
PHY_19, 44.16, 35.36, 1.79998
PHY_12, 5.52, 29.92, 1.79996
PHY_14, 5.52, 29.92, 1.79996
output34, 5.52, 29.92, 1.79996
FILLER_0_7_3, 5.52, 29.92, 1.79996
PHY_13, 44.16, 29.92, 1.79996
PHY_15, 44.16, 29.92, 1.79996
PHY_8, 5.52, 24.48, 1.79996
PHY_10, 5.52, 24.48, 1.79996
input7, 5.52, 24.48, 1.79996
PHY_9, 44.16, 24.48, 1.79996
PHY_11, 44.16, 24.48, 1.79996
PHY_4, 5.52, 19.04, 1.79996
PHY_6, 5.52, 19.04, 1.79996
output33, 5.52, 19.04, 1.79996
FILLER_0_3_3, 5.52, 19.04, 1.79996
PHY_5, 44.16, 19.04, 1.79997
PHY_7, 44.16, 19.04, 1.79997
PHY_0, 5.52, 13.6, 1.79993
PHY_2, 5.52, 13.6, 1.79993
input6, 5.52, 13.6, 1.79993
input13, 5.52, 13.6, 1.79993
input23, 5.52, 13.6, 1.79993
PHY_1, 44.16, 13.6, 1.79997
PHY_3, 44.16, 13.6, 1.79997

