Instance name,  X location,  Y location,  Voltage 
input5, 42.63, 38.08, 2.42414e-05
output29, 42.63, 38.08, 2.42414e-05
PHY_17, 42.63, 32.64, 2.62887e-05
PHY_19, 42.63, 32.64, 2.62887e-05
input14, 42.63, 32.64, 2.62887e-05
PHY_13, 42.63, 27.2, 4.17795e-05
PHY_15, 42.63, 27.2, 4.17795e-05
input8, 42.63, 27.2, 4.17795e-05
FILLER_0_5_77, 42.63, 27.2, 4.17795e-05
PHY_9, 42.63, 21.76, 2.57809e-05
PHY_11, 42.63, 21.76, 2.57809e-05
output35, 42.63, 21.76, 2.57809e-05
PHY_5, 42.63, 16.32, 2.86362e-05
PHY_7, 42.63, 16.32, 2.86362e-05
input16, 42.63, 16.32, 2.86362e-05
input26, 42.63, 16.32, 2.86362e-05
FILLER_0_1_71, 42.63, 16.32, 2.86362e-05
FILLER_0_2_76, 42.63, 16.32, 2.86362e-05
PHY_1, 42.63, 10.88, 2.33216e-05
PHY_3, 42.63, 10.88, 2.33216e-05
input1, 42.63, 10.88, 2.33216e-05
input20, 42.63, 10.88, 2.33216e-05
input10, 32.97, 38.08, 2.33468e-05
input17, 32.97, 38.08, 2.33468e-05
_43_, 32.97, 32.64, 3.11745e-05
_55_, 32.97, 32.64, 3.11745e-05
input9, 32.97, 32.64, 3.11745e-05
input21, 32.97, 32.64, 3.11745e-05
FILLER_0_7_53, 32.97, 32.64, 3.11745e-05
FILLER_0_7_57, 32.97, 32.64, 3.11745e-05
FILLER_0_9_62, 32.97, 32.64, 3.11745e-05
_47_, 32.97, 27.2, 6.2293e-05
clkbuf_0_clk, 32.97, 27.2, 6.2293e-05
FILLER_0_7_70, 32.97, 27.2, 6.2293e-05
_39_, 32.97, 21.76, 2.8116e-05
_50_, 32.97, 21.76, 2.8116e-05
_61_, 32.97, 21.76, 2.8116e-05
FILLER_0_3_57, 32.97, 21.76, 2.8116e-05
_30_, 32.97, 16.32, 3.56654e-05
_38_, 32.97, 16.32, 3.56654e-05
_49_, 32.97, 16.32, 3.56654e-05
_53_, 32.97, 16.32, 3.56654e-05
_57_, 32.97, 16.32, 3.56654e-05
_29_, 32.97, 10.88, 2.50901e-05
input12, 32.97, 10.88, 2.50901e-05
input22, 32.97, 10.88, 2.50901e-05
output32, 32.97, 10.88, 2.50901e-05
output30, 23.31, 38.08, 2.35137e-05
FILLER_0_9_35, 23.31, 38.08, 2.35137e-05
_48_, 23.31, 32.64, 3.30045e-05
_56_, 23.31, 32.64, 3.30045e-05
output31, 23.31, 32.64, 3.30045e-05
FILLER_0_9_44, 23.31, 32.64, 3.30045e-05
_46_, 23.31, 27.2, 6.33831e-05
_52_, 23.31, 27.2, 6.33831e-05
clkbuf_1_1__f_clk, 23.31, 27.2, 6.33831e-05
FILLER_0_6_37, 23.31, 27.2, 6.33831e-05
_33_, 23.31, 21.76, 2.63052e-05
FILLER_0_4_41, 23.31, 21.76, 2.63052e-05
FILLER_0_4_49, 23.31, 21.76, 2.63052e-05
FILLER_0_5_48, 23.31, 21.76, 2.63052e-05
_28_, 23.31, 16.32, 4.34685e-05
_58_, 23.31, 16.32, 4.34685e-05
FILLER_0_3_41, 23.31, 16.32, 4.34685e-05
_42_, 23.31, 10.88, 2.49773e-05
input3, 23.31, 10.88, 2.49773e-05
input27, 23.31, 10.88, 2.49773e-05
FILLER_0_0_37, 23.31, 10.88, 2.49773e-05
FILLER_0_0_48, 23.31, 10.88, 2.49773e-05
input2, 13.65, 38.08, 2.27956e-05
input11, 13.65, 38.08, 2.27956e-05
_40_, 13.65, 32.64, 3.25588e-05
_41_, 13.65, 32.64, 3.25588e-05
input18, 13.65, 32.64, 3.25588e-05
FILLER_0_7_10, 13.65, 32.64, 3.25588e-05
FILLER_0_9_19, 13.65, 32.64, 3.25588e-05
_44_, 13.65, 27.2, 5.51198e-05
_45_, 13.65, 27.2, 5.51198e-05
_54_, 13.65, 27.2, 5.51198e-05
_60_, 13.65, 27.2, 5.51198e-05
_27_, 13.65, 21.76, 3.21815e-05
_36_, 13.65, 21.76, 3.21815e-05
_37_, 13.65, 21.76, 3.21815e-05
_59_, 13.65, 21.76, 3.21815e-05
FILLER_0_4_9, 13.65, 21.76, 3.21815e-05
_31_, 13.65, 16.32, 6.18255e-05
_32_, 13.65, 16.32, 6.18255e-05
_34_, 13.65, 16.32, 6.18255e-05
clkbuf_1_0__f_clk, 13.65, 16.32, 6.18255e-05
_51_, 13.65, 10.88, 2.57408e-05
input4, 13.65, 10.88, 2.57408e-05
input24, 13.65, 10.88, 2.57408e-05
input25, 13.65, 10.88, 2.57408e-05
FILLER_0_0_16, 13.65, 10.88, 2.57408e-05
PHY_18, 5.52, 38.08, 2.27956e-05
PHY_14, 5.52, 32.64, 3.91041e-05
PHY_16, 5.52, 32.64, 3.91041e-05
output28, 5.52, 32.64, 3.91041e-05
output34, 5.52, 32.64, 3.91041e-05
FILLER_0_9_3, 5.52, 32.64, 3.91041e-05
PHY_10, 5.52, 27.2, 5.57935e-05
PHY_12, 5.52, 27.2, 5.57935e-05
input7, 5.52, 27.2, 5.57935e-05
input19, 5.52, 27.2, 5.57935e-05
FILLER_0_6_6, 5.52, 27.2, 5.57935e-05
FILLER_0_7_3, 5.52, 27.2, 5.57935e-05
PHY_6, 5.52, 21.76, 3.52728e-05
PHY_8, 5.52, 21.76, 3.52728e-05
output33, 5.52, 21.76, 3.52728e-05
PHY_2, 5.52, 16.32, 6.21125e-05
PHY_4, 5.52, 16.32, 6.21125e-05
input6, 5.52, 16.32, 6.21125e-05
FILLER_0_2_6, 5.52, 16.32, 6.21125e-05
FILLER_0_3_3, 5.52, 16.32, 6.21125e-05
_35_, 5.52, 10.88, 2.74493e-05
PHY_0, 5.52, 10.88, 2.74493e-05
input13, 5.52, 10.88, 2.74493e-05
input15, 5.52, 10.88, 2.74493e-05
input23, 5.52, 10.88, 2.74493e-05

